[2026-08-24T12:08:04.992Z] GET https://southeastaksupply.com/ → pending (?ms, ?B)
[2026-08-24T12:08:05.438Z] GET https://southeastaksupply.com/new_logo_kurt.jpg → 200 (105ms, 60188B)
[2026-08-24T12:08:05.439Z] GET https://southeastaksupply.com/_next/static/chunks/05367awialsbn.css → 200 (92ms, 8395B)
[2026-08-24T12:08:05.440Z] GET https://southeastaksupply.com/_next/static/chunks/1gdoryk6w2r8v.js → 200 (257ms, 9468B)
[2026-08-24T12:08:05.440Z] GET https://southeastaksupply.com/_next/static/chunks/27jktro2p5rq9.js → 200 (312ms, 9302B)
[2026-08-24T12:08:05.440Z] GET https://southeastaksupply.com/_next/static/chunks/0wgbl93fstlu9.js → 200 (425ms, 71108B)
[2026-08-24T12:08:05.443Z] GET https://southeastaksupply.com/_next/static/chunks/2t2clertbxtfc.js → 200 (418ms, 38718B)
[2026-08-24T12:08:05.443Z] GET https://southeastaksupply.com/_next/static/chunks/turbopack-2vj4-1z_ftx_p.js → 200 (310ms, 4235B)
[2026-08-24T12:08:05.443Z] GET https://southeastaksupply.com/_next/static/chunks/05-c3ty_6dwfk.js → 200 (301ms, 1517B)
[2026-08-24T12:08:05.443Z] GET https://southeastaksupply.com/_next/static/chunks/14mrh2-p_w84d.js → 200 (341ms, 12941B)
[2026-08-24T12:08:05.444Z] GET https://southeastaksupply.com/_next/static/chunks/2kjw82y4wz21v.js → 200 (415ms, 4557B)
[2026-08-24T12:08:05.444Z] GET https://fonts.googleapis.com/css2?family=IBM+Plex+Mono:wght@400;600&family=IBM+Plex+Sans:wght@300;400;500;600&family=Libre+Baskerville:wght@400;700&display=swap → 200 (133ms, 1495B)
[2026-08-24T12:08:05.685Z] GET https://fonts.gstatic.com/s/ibmplexsans/v23/zYXzKVElMYYaJe8bpLHnCwDKr932-G7dytD-Dmu1syxeKYbSB4Zh.woff2 → 200 (327ms, 40376B)
[2026-08-24T12:08:05.686Z] GET https://fonts.gstatic.com/s/librebaskerville/v24/kmKnZrc3Hgbbcjq75U4uslyuy4kn0qNZaxMaC82U.woff2 → 200 (319ms, 34403B)
[2026-08-24T12:08:05.686Z] GET https://fonts.gstatic.com/s/ibmplexmono/v20/-F63fjptAgt5VM-kVkqdyU8n1i8q131nj-o.woff2 → 200 (317ms, 10169B)
[2026-08-24T12:08:08.322Z] GET https://southeastaksupply.com/api/health → 200 (110ms, 246B)
[2026-08-24T12:08:14.443Z] GET https://southeastaksupply.com/products → 307 (106ms, ?B)
[2026-08-24T12:08:14.550Z] GET https://southeastaksupply.com/login?redirect=%2Fproducts → 200 (112ms, 2376B)
[2026-08-24T12:08:14.684Z] GET https://southeastaksupply.com/_next/static/chunks/05367awialsbn.css → 200 (?ms, -441B)
[2026-08-24T12:08:14.685Z] GET https://southeastaksupply.com/_next/static/chunks/1gdoryk6w2r8v.js → 200 (?ms, -455B)
[2026-08-24T12:08:14.692Z] GET https://southeastaksupply.com/_next/static/chunks/27jktro2p5rq9.js → 200 (?ms, -455B)
[2026-08-24T12:08:14.694Z] GET https://southeastaksupply.com/_next/static/chunks/0wgbl93fstlu9.js → 200 (?ms, -456B)
[2026-08-24T12:08:14.698Z] GET https://southeastaksupply.com/_next/static/chunks/2t2clertbxtfc.js → 200 (1ms, -456B)
[2026-08-24T12:08:14.699Z] GET https://southeastaksupply.com/_next/static/chunks/turbopack-2vj4-1z_ftx_p.js → 200 (1ms, -455B)
[2026-08-24T12:08:14.703Z] GET https://southeastaksupply.com/_next/static/chunks/05-c3ty_6dwfk.js → 200 (?ms, -454B)
[2026-08-24T12:08:14.708Z] GET https://southeastaksupply.com/_next/static/chunks/14mrh2-p_w84d.js → 200 (?ms, -455B)
[2026-08-24T12:08:14.714Z] GET https://southeastaksupply.com/_next/static/chunks/3i_xkm9s1hitb.js → 200 (66ms, 1549B)
[2026-08-24T12:08:14.714Z] GET https://fonts.googleapis.com/css2?family=IBM+Plex+Mono:wght@400;600&family=IBM+Plex+Sans:wght@300;400;500;600&family=Libre+Baskerville:wght@400;700&display=swap → 200 (?ms, -743B)
[2026-08-24T12:08:14.718Z] GET https://fonts.gstatic.com/s/ibmplexmono/v20/-F63fjptAgt5VM-kVkqdyU8n1i8q131nj-o.woff2 → 200 (?ms, -814B)
[2026-08-24T12:08:14.719Z] GET https://fonts.gstatic.com/s/ibmplexsans/v23/zYXzKVElMYYaJe8bpLHnCwDKr932-G7dytD-Dmu1syxeKYbSB4Zh.woff2 → 200 (?ms, -815B)
[2026-08-24T12:08:14.724Z] GET https://fonts.gstatic.com/s/librebaskerville/v24/kmKnZrc3Hgbbcjq75U4uslyuy4kn0qNZaxMaC82U.woff2 → 200 (1ms, -815B)
[2026-08-24T12:08:14.806Z] GET https://southeastaksupply.com/new_logo_kurt.jpg → 304 (122ms, 19B)
[2026-08-24T12:08:15.792Z] GET https://southeastaksupply.com/categories → 307 (110ms, ?B)
[2026-08-24T12:08:15.902Z] GET https://southeastaksupply.com/login?redirect=%2Fcategories → 200 (130ms, 2362B)
[2026-08-24T12:08:16.111Z] GET https://southeastaksupply.com/_next/static/chunks/05367awialsbn.css → 200 (1ms, -441B)
[2026-08-24T12:08:16.113Z] GET https://southeastaksupply.com/_next/static/chunks/1gdoryk6w2r8v.js → 200 (?ms, -455B)
[2026-08-24T12:08:16.123Z] GET https://southeastaksupply.com/_next/static/chunks/27jktro2p5rq9.js → 200 (1ms, -455B)
[2026-08-24T12:08:16.124Z] GET https://southeastaksupply.com/_next/static/chunks/0wgbl93fstlu9.js → 200 (?ms, -456B)
[2026-08-24T12:08:16.131Z] GET https://southeastaksupply.com/_next/static/chunks/2t2clertbxtfc.js → 200 (?ms, -456B)
[2026-08-24T12:08:16.132Z] GET https://southeastaksupply.com/_next/static/chunks/turbopack-2vj4-1z_ftx_p.js → 200 (?ms, -455B)
[2026-08-24T12:08:16.194Z] GET https://southeastaksupply.com/_next/static/chunks/05-c3ty_6dwfk.js → 200 (1ms, -454B)
[2026-08-24T12:08:16.199Z] GET https://southeastaksupply.com/_next/static/chunks/14mrh2-p_w84d.js → 200 (?ms, -455B)
[2026-08-24T12:08:16.207Z] GET https://southeastaksupply.com/_next/static/chunks/3i_xkm9s1hitb.js → 200 (1ms, -454B)
[2026-08-24T12:08:16.208Z] GET https://fonts.googleapis.com/css2?family=IBM+Plex+Mono:wght@400;600&family=IBM+Plex+Sans:wght@300;400;500;600&family=Libre+Baskerville:wght@400;700&display=swap → 200 (?ms, -743B)
[2026-08-24T12:08:16.211Z] GET https://fonts.gstatic.com/s/ibmplexmono/v20/-F63fjptAgt5VM-kVkqdyU8n1i8q131nj-o.woff2 → 200 (1ms, -814B)
[2026-08-24T12:08:16.212Z] GET https://fonts.gstatic.com/s/ibmplexsans/v23/zYXzKVElMYYaJe8bpLHnCwDKr932-G7dytD-Dmu1syxeKYbSB4Zh.woff2 → 200 (4ms, -815B)
[2026-08-24T12:08:16.216Z] GET https://fonts.gstatic.com/s/librebaskerville/v24/kmKnZrc3Hgbbcjq75U4uslyuy4kn0qNZaxMaC82U.woff2 → 200 (?ms, -815B)
[2026-08-24T12:08:16.221Z] GET https://southeastaksupply.com/new_logo_kurt.jpg → 304 (73ms, 42B)
[2026-08-24T12:08:17.551Z] GET https://southeastaksupply.com/about → 307 (127ms, ?B)
[2026-08-24T12:08:17.679Z] GET https://southeastaksupply.com/login?redirect=%2Fabout → 200 (105ms, 2353B)
[2026-08-24T12:08:17.807Z] GET https://southeastaksupply.com/_next/static/chunks/05367awialsbn.css → 200 (1ms, -441B)
[2026-08-24T12:08:17.808Z] GET https://southeastaksupply.com/_next/static/chunks/1gdoryk6w2r8v.js → 200 (?ms, -455B)
[2026-08-24T12:08:17.813Z] GET https://southeastaksupply.com/_next/static/chunks/27jktro2p5rq9.js → 200 (?ms, -455B)
[2026-08-24T12:08:17.813Z] GET https://southeastaksupply.com/_next/static/chunks/0wgbl93fstlu9.js → 200 (?ms, -456B)
[2026-08-24T12:08:17.818Z] GET https://southeastaksupply.com/_next/static/chunks/2t2clertbxtfc.js → 200 (?ms, -456B)
[2026-08-24T12:08:17.818Z] GET https://southeastaksupply.com/_next/static/chunks/turbopack-2vj4-1z_ftx_p.js → 200 (1ms, -455B)
[2026-08-24T12:08:17.823Z] GET https://southeastaksupply.com/_next/static/chunks/05-c3ty_6dwfk.js → 200 (?ms, -454B)
[2026-08-24T12:08:17.823Z] GET https://southeastaksupply.com/_next/static/chunks/14mrh2-p_w84d.js → 200 (?ms, -455B)
[2026-08-24T12:08:17.828Z] GET https://southeastaksupply.com/_next/static/chunks/3i_xkm9s1hitb.js → 200 (?ms, -454B)
[2026-08-24T12:08:17.828Z] GET https://fonts.googleapis.com/css2?family=IBM+Plex+Mono:wght@400;600&family=IBM+Plex+Sans:wght@300;400;500;600&family=Libre+Baskerville:wght@400;700&display=swap → 200 (3ms, -743B)
[2026-08-24T12:08:17.862Z] GET https://fonts.gstatic.com/s/ibmplexmono/v20/-F63fjptAgt5VM-kVkqdyU8n1i8q131nj-o.woff2 → 200 (?ms, -814B)
[2026-08-24T12:08:17.862Z] GET https://fonts.gstatic.com/s/ibmplexsans/v23/zYXzKVElMYYaJe8bpLHnCwDKr932-G7dytD-Dmu1syxeKYbSB4Zh.woff2 → 200 (1ms, -815B)
[2026-08-24T12:08:17.885Z] GET https://fonts.gstatic.com/s/librebaskerville/v24/kmKnZrc3Hgbbcjq75U4uslyuy4kn0qNZaxMaC82U.woff2 → 200 (?ms, -815B)
[2026-08-24T12:08:17.891Z] GET https://southeastaksupply.com/new_logo_kurt.jpg → 304 (95ms, 19B)
[2026-08-24T12:08:18.887Z] GET https://southeastaksupply.com/contact → 307 (120ms, ?B)
[2026-08-24T12:08:19.008Z] GET https://southeastaksupply.com/login?redirect=%2Fcontact → 200 (116ms, 2385B)
[2026-08-24T12:08:19.140Z] GET https://southeastaksupply.com/_next/static/chunks/05367awialsbn.css → 200 (?ms, -441B)
[2026-08-24T12:08:19.140Z] GET https://southeastaksupply.com/_next/static/chunks/1gdoryk6w2r8v.js → 200 (?ms, -455B)
[2026-08-24T12:08:19.142Z] GET https://southeastaksupply.com/_next/static/chunks/27jktro2p5rq9.js → 200 (?ms, -455B)
[2026-08-24T12:08:19.142Z] GET https://southeastaksupply.com/_next/static/chunks/0wgbl93fstlu9.js → 200 (1ms, -456B)
[2026-08-24T12:08:19.144Z] GET https://southeastaksupply.com/_next/static/chunks/2t2clertbxtfc.js → 200 (?ms, -456B)
[2026-08-24T12:08:19.145Z] GET https://southeastaksupply.com/_next/static/chunks/turbopack-2vj4-1z_ftx_p.js → 200 (?ms, -455B)
[2026-08-24T12:08:19.149Z] GET https://southeastaksupply.com/_next/static/chunks/05-c3ty_6dwfk.js → 200 (?ms, -454B)
[2026-08-24T12:08:19.149Z] GET https://southeastaksupply.com/_next/static/chunks/14mrh2-p_w84d.js → 200 (?ms, -455B)
[2026-08-24T12:08:19.152Z] GET https://southeastaksupply.com/_next/static/chunks/3i_xkm9s1hitb.js → 200 (?ms, -454B)
[2026-08-24T12:08:19.152Z] GET https://fonts.googleapis.com/css2?family=IBM+Plex+Mono:wght@400;600&family=IBM+Plex+Sans:wght@300;400;500;600&family=Libre+Baskerville:wght@400;700&display=swap → 200 (?ms, -743B)
[2026-08-24T12:08:19.166Z] GET https://fonts.gstatic.com/s/ibmplexmono/v20/-F63fjptAgt5VM-kVkqdyU8n1i8q131nj-o.woff2 → 200 (?ms, -814B)
[2026-08-24T12:08:19.167Z] GET https://fonts.gstatic.com/s/ibmplexsans/v23/zYXzKVElMYYaJe8bpLHnCwDKr932-G7dytD-Dmu1syxeKYbSB4Zh.woff2 → 200 (2ms, -815B)
[2026-08-24T12:08:19.174Z] GET https://fonts.gstatic.com/s/librebaskerville/v24/kmKnZrc3Hgbbcjq75U4uslyuy4kn0qNZaxMaC82U.woff2 → 200 (3ms, -815B)
[2026-08-24T12:08:19.181Z] GET https://southeastaksupply.com/new_logo_kurt.jpg → 304 (98ms, 19B)
[2026-08-24T12:08:19.969Z] GET https://southeastaksupply.com/cart → 307 (114ms, ?B)
[2026-08-24T12:08:20.084Z] GET https://southeastaksupply.com/login?redirect=%2Fcart → 200 (97ms, 2362B)
[2026-08-24T12:08:20.192Z] GET https://southeastaksupply.com/_next/static/chunks/05367awialsbn.css → 200 (?ms, -441B)
[2026-08-24T12:08:20.193Z] GET https://southeastaksupply.com/_next/static/chunks/1gdoryk6w2r8v.js → 200 (?ms, -455B)
[2026-08-24T12:08:20.193Z] GET https://southeastaksupply.com/_next/static/chunks/27jktro2p5rq9.js → 200 (?ms, -455B)
[2026-08-24T12:08:20.195Z] GET https://southeastaksupply.com/_next/static/chunks/0wgbl93fstlu9.js → 200 (?ms, -456B)
[2026-08-24T12:08:20.195Z] GET https://southeastaksupply.com/_next/static/chunks/2t2clertbxtfc.js → 200 (?ms, -456B)
[2026-08-24T12:08:20.197Z] GET https://southeastaksupply.com/_next/static/chunks/turbopack-2vj4-1z_ftx_p.js → 200 (?ms, -455B)
[2026-08-24T12:08:20.198Z] GET https://southeastaksupply.com/_next/static/chunks/05-c3ty_6dwfk.js → 200 (?ms, -454B)
[2026-08-24T12:08:20.199Z] GET https://southeastaksupply.com/_next/static/chunks/14mrh2-p_w84d.js → 200 (?ms, -455B)
[2026-08-24T12:08:20.199Z] GET https://southeastaksupply.com/_next/static/chunks/3i_xkm9s1hitb.js → 200 (?ms, -454B)
[2026-08-24T12:08:20.201Z] GET https://fonts.googleapis.com/css2?family=IBM+Plex+Mono:wght@400;600&family=IBM+Plex+Sans:wght@300;400;500;600&family=Libre+Baskerville:wght@400;700&display=swap → 200 (?ms, -743B)
[2026-08-24T12:08:20.205Z] GET https://fonts.gstatic.com/s/ibmplexmono/v20/-F63fjptAgt5VM-kVkqdyU8n1i8q131nj-o.woff2 → 200 (?ms, -814B)
[2026-08-24T12:08:20.206Z] GET https://fonts.gstatic.com/s/ibmplexsans/v23/zYXzKVElMYYaJe8bpLHnCwDKr932-G7dytD-Dmu1syxeKYbSB4Zh.woff2 → 200 (?ms, -815B)
[2026-08-24T12:08:20.207Z] GET https://fonts.gstatic.com/s/librebaskerville/v24/kmKnZrc3Hgbbcjq75U4uslyuy4kn0qNZaxMaC82U.woff2 → 200 (?ms, -815B)
[2026-08-24T12:08:20.218Z] GET https://southeastaksupply.com/new_logo_kurt.jpg → 304 (105ms, 19B)
[2026-08-24T12:08:21.102Z] GET https://southeastaksupply.com/materials → 307 (97ms, ?B)
[2026-08-24T12:08:21.200Z] GET https://southeastaksupply.com/login?redirect=%2Fmaterials → 200 (100ms, ?B)
[2026-08-24T12:08:21.330Z] GET https://southeastaksupply.com/_next/static/chunks/05367awialsbn.css → 200 (1ms, ?B)
[2026-08-24T12:08:21.331Z] GET https://southeastaksupply.com/_next/static/chunks/1gdoryk6w2r8v.js → 200 (?ms, ?B)
[2026-08-24T12:08:21.357Z] GET https://southeastaksupply.com/_next/static/chunks/27jktro2p5rq9.js → 200 (?ms, ?B)
[2026-08-24T12:08:21.358Z] GET https://southeastaksupply.com/_next/static/chunks/0wgbl93fstlu9.js → 200 (?ms, ?B)
[2026-08-24T12:08:21.368Z] GET https://southeastaksupply.com/_next/static/chunks/2t2clertbxtfc.js → 200 (?ms, -456B)
[2026-08-24T12:08:21.368Z] GET https://southeastaksupply.com/_next/static/chunks/turbopack-2vj4-1z_ftx_p.js → 200 (?ms, -455B)
[2026-08-24T12:08:21.375Z] GET https://southeastaksupply.com/_next/static/chunks/05-c3ty_6dwfk.js → 200 (?ms, -454B)
[2026-08-24T12:08:21.375Z] GET https://southeastaksupply.com/_next/static/chunks/14mrh2-p_w84d.js → 200 (?ms, -455B)
[2026-08-24T12:08:21.380Z] GET https://southeastaksupply.com/_next/static/chunks/3i_xkm9s1hitb.js → 200 (?ms, -454B)
[2026-08-24T12:08:21.382Z] GET https://fonts.googleapis.com/css2?family=IBM+Plex+Mono:wght@400;600&family=IBM+Plex+Sans:wght@300;400;500;600&family=Libre+Baskerville:wght@400;700&display=swap → 200 (?ms, -743B)
[2026-08-24T12:08:21.386Z] GET https://fonts.gstatic.com/s/ibmplexmono/v20/-F63fjptAgt5VM-kVkqdyU8n1i8q131nj-o.woff2 → 200 (1ms, -814B)
[2026-08-24T12:08:21.387Z] GET https://fonts.gstatic.com/s/ibmplexsans/v23/zYXzKVElMYYaJe8bpLHnCwDKr932-G7dytD-Dmu1syxeKYbSB4Zh.woff2 → 200 (6ms, -815B)
[2026-08-24T12:08:21.393Z] GET https://fonts.gstatic.com/s/librebaskerville/v24/kmKnZrc3Hgbbcjq75U4uslyuy4kn0qNZaxMaC82U.woff2 → 200 (?ms, -815B)
[2026-08-24T12:08:21.399Z] GET https://southeastaksupply.com/new_logo_kurt.jpg → 304 (84ms, 19B)
[2026-08-24T12:08:22.299Z] GET https://southeastaksupply.com/checkout → pending (?ms, ?B)
[2026-08-24T12:08:22.400Z] GET https://southeastaksupply.com/login?redirect=%2Fcheckout → 200 (98ms, 2362B)
[2026-08-24T12:08:22.550Z] GET https://southeastaksupply.com/_next/static/chunks/05367awialsbn.css → 200 (?ms, -441B)
[2026-08-24T12:08:22.550Z] GET https://southeastaksupply.com/_next/static/chunks/1gdoryk6w2r8v.js → 200 (1ms, -455B)
[2026-08-24T12:08:22.552Z] GET https://southeastaksupply.com/_next/static/chunks/27jktro2p5rq9.js → 200 (?ms, -455B)
[2026-08-24T12:08:22.558Z] GET https://southeastaksupply.com/_next/static/chunks/0wgbl93fstlu9.js → 200 (?ms, -456B)
[2026-08-24T12:08:22.560Z] GET https://southeastaksupply.com/_next/static/chunks/2t2clertbxtfc.js → 200 (?ms, -456B)
[2026-08-24T12:08:22.563Z] GET https://southeastaksupply.com/_next/static/chunks/turbopack-2vj4-1z_ftx_p.js → 200 (?ms, -455B)
[2026-08-24T12:08:22.566Z] GET https://southeastaksupply.com/_next/static/chunks/05-c3ty_6dwfk.js → 200 (?ms, -454B)
[2026-08-24T12:08:22.566Z] GET https://southeastaksupply.com/_next/static/chunks/14mrh2-p_w84d.js → 200 (?ms, -455B)
[2026-08-24T12:08:22.576Z] GET https://southeastaksupply.com/_next/static/chunks/3i_xkm9s1hitb.js → 200 (?ms, -454B)
[2026-08-24T12:08:22.576Z] GET https://fonts.googleapis.com/css2?family=IBM+Plex+Mono:wght@400;600&family=IBM+Plex+Sans:wght@300;400;500;600&family=Libre+Baskerville:wght@400;700&display=swap → 200 (?ms, -743B)
[2026-08-24T12:08:22.585Z] GET https://fonts.gstatic.com/s/ibmplexmono/v20/-F63fjptAgt5VM-kVkqdyU8n1i8q131nj-o.woff2 → 200 (1ms, -814B)
[2026-08-24T12:08:22.586Z] GET https://fonts.gstatic.com/s/ibmplexsans/v23/zYXzKVElMYYaJe8bpLHnCwDKr932-G7dytD-Dmu1syxeKYbSB4Zh.woff2 → 200 (5ms, -815B)
[2026-08-24T12:08:22.592Z] GET https://fonts.gstatic.com/s/librebaskerville/v24/kmKnZrc3Hgbbcjq75U4uslyuy4kn0qNZaxMaC82U.woff2 → 200 (?ms, -815B)
[2026-08-24T12:08:22.612Z] GET https://southeastaksupply.com/new_logo_kurt.jpg → 304 (162ms, 19B)
[2026-08-24T12:08:23.657Z] GET https://southeastaksupply.com/login → 200 (124ms, 2385B)
[2026-08-24T12:08:23.809Z] GET https://southeastaksupply.com/_next/static/chunks/05367awialsbn.css → 200 (?ms, -441B)
[2026-08-24T12:08:23.812Z] GET https://southeastaksupply.com/_next/static/chunks/1gdoryk6w2r8v.js → 200 (?ms, -455B)
[2026-08-24T12:08:23.817Z] GET https://southeastaksupply.com/_next/static/chunks/27jktro2p5rq9.js → 200 (?ms, -455B)
[2026-08-24T12:08:23.817Z] GET https://southeastaksupply.com/_next/static/chunks/0wgbl93fstlu9.js → 200 (?ms, -456B)
[2026-08-24T12:08:23.820Z] GET https://southeastaksupply.com/_next/static/chunks/2t2clertbxtfc.js → 200 (?ms, -456B)
[2026-08-24T12:08:23.821Z] GET https://southeastaksupply.com/_next/static/chunks/turbopack-2vj4-1z_ftx_p.js → 200 (?ms, -455B)
[2026-08-24T12:08:23.828Z] GET https://southeastaksupply.com/_next/static/chunks/05-c3ty_6dwfk.js → 200 (?ms, -454B)
[2026-08-24T12:08:23.828Z] GET https://southeastaksupply.com/_next/static/chunks/14mrh2-p_w84d.js → 200 (?ms, -455B)
[2026-08-24T12:08:23.833Z] GET https://southeastaksupply.com/_next/static/chunks/3i_xkm9s1hitb.js → 200 (?ms, -454B)
[2026-08-24T12:08:23.833Z] GET https://fonts.googleapis.com/css2?family=IBM+Plex+Mono:wght@400;600&family=IBM+Plex+Sans:wght@300;400;500;600&family=Libre+Baskerville:wght@400;700&display=swap → 200 (?ms, -743B)
[2026-08-24T12:08:23.879Z] GET https://fonts.gstatic.com/s/ibmplexmono/v20/-F63fjptAgt5VM-kVkqdyU8n1i8q131nj-o.woff2 → 200 (?ms, -814B)
[2026-08-24T12:08:23.880Z] GET https://fonts.gstatic.com/s/ibmplexsans/v23/zYXzKVElMYYaJe8bpLHnCwDKr932-G7dytD-Dmu1syxeKYbSB4Zh.woff2 → 200 (?ms, -815B)
[2026-08-24T12:08:23.883Z] GET https://fonts.gstatic.com/s/librebaskerville/v24/kmKnZrc3Hgbbcjq75U4uslyuy4kn0qNZaxMaC82U.woff2 → 200 (?ms, -815B)
[2026-08-24T12:08:23.886Z] GET https://southeastaksupply.com/new_logo_kurt.jpg → 304 (100ms, 19B)
[2026-08-24T12:08:30.661Z] GET https://southeastaksupply.com/products → 307 (115ms, ?B)
[2026-08-24T12:08:30.776Z] GET https://southeastaksupply.com/login?redirect=%2Fproducts → 200 (109ms, 23B)
[2026-08-24T12:08:30.898Z] GET https://southeastaksupply.com/_next/static/chunks/05367awialsbn.css → 200 (?ms, -441B)
[2026-08-24T12:08:30.898Z] GET https://southeastaksupply.com/_next/static/chunks/1gdoryk6w2r8v.js → 200 (?ms, -455B)
[2026-08-24T12:08:30.899Z] GET https://southeastaksupply.com/_next/static/chunks/27jktro2p5rq9.js → 200 (?ms, -455B)
[2026-08-24T12:08:30.899Z] GET https://southeastaksupply.com/_next/static/chunks/0wgbl93fstlu9.js → 200 (?ms, -456B)
[2026-08-24T12:08:30.901Z] GET https://southeastaksupply.com/_next/static/chunks/2t2clertbxtfc.js → 200 (1ms, -456B)
[2026-08-24T12:08:30.902Z] GET https://southeastaksupply.com/_next/static/chunks/turbopack-2vj4-1z_ftx_p.js → 200 (?ms, -455B)
[2026-08-24T12:08:30.905Z] GET https://southeastaksupply.com/_next/static/chunks/05-c3ty_6dwfk.js → 200 (?ms, -454B)
[2026-08-24T12:08:30.905Z] GET https://southeastaksupply.com/_next/static/chunks/14mrh2-p_w84d.js → 200 (?ms, -455B)
[2026-08-24T12:08:30.906Z] GET https://southeastaksupply.com/_next/static/chunks/3i_xkm9s1hitb.js → 200 (?ms, -454B)
[2026-08-24T12:08:30.906Z] GET https://fonts.googleapis.com/css2?family=IBM+Plex+Mono:wght@400;600&family=IBM+Plex+Sans:wght@300;400;500;600&family=Libre+Baskerville:wght@400;700&display=swap → 200 (?ms, -743B)
[2026-08-24T12:08:30.908Z] GET https://fonts.gstatic.com/s/ibmplexmono/v20/-F63fjptAgt5VM-kVkqdyU8n1i8q131nj-o.woff2 → 200 (?ms, -814B)
[2026-08-24T12:08:30.909Z] GET https://fonts.gstatic.com/s/ibmplexsans/v23/zYXzKVElMYYaJe8bpLHnCwDKr932-G7dytD-Dmu1syxeKYbSB4Zh.woff2 → 200 (?ms, -815B)
[2026-08-24T12:08:30.910Z] GET https://fonts.gstatic.com/s/librebaskerville/v24/kmKnZrc3Hgbbcjq75U4uslyuy4kn0qNZaxMaC82U.woff2 → 200 (?ms, -815B)
[2026-08-24T12:08:30.918Z] GET https://southeastaksupply.com/new_logo_kurt.jpg → 304 (98ms, 19B)
[2026-08-24T12:08:31.374Z] GET https://southeastaksupply.com/categories → pending (?ms, ?B)
[2026-08-24T12:08:31.463Z] GET https://southeastaksupply.com/login?redirect=%2Fcategories → 200 (105ms, 23B)
[2026-08-24T12:08:31.601Z] GET https://southeastaksupply.com/_next/static/chunks/05367awialsbn.css → 200 (?ms, -441B)
[2026-08-24T12:08:31.602Z] GET https://southeastaksupply.com/_next/static/chunks/1gdoryk6w2r8v.js → 200 (?ms, -455B)
[2026-08-24T12:08:31.609Z] GET https://southeastaksupply.com/_next/static/chunks/27jktro2p5rq9.js → 200 (?ms, -455B)
[2026-08-24T12:08:31.610Z] GET https://southeastaksupply.com/_next/static/chunks/0wgbl93fstlu9.js → 200 (?ms, -456B)
[2026-08-24T12:08:31.614Z] GET https://southeastaksupply.com/_next/static/chunks/2t2clertbxtfc.js → 200 (?ms, -456B)
[2026-08-24T12:08:31.614Z] GET https://southeastaksupply.com/_next/static/chunks/turbopack-2vj4-1z_ftx_p.js → 200 (1ms, -455B)
[2026-08-24T12:08:31.619Z] GET https://southeastaksupply.com/_next/static/chunks/05-c3ty_6dwfk.js → 200 (?ms, -454B)
[2026-08-24T12:08:31.620Z] GET https://southeastaksupply.com/_next/static/chunks/14mrh2-p_w84d.js → 200 (?ms, -455B)
[2026-08-24T12:08:31.626Z] GET https://southeastaksupply.com/_next/static/chunks/3i_xkm9s1hitb.js → 200 (?ms, -454B)
[2026-08-24T12:08:31.626Z] GET https://fonts.googleapis.com/css2?family=IBM+Plex+Mono:wght@400;600&family=IBM+Plex+Sans:wght@300;400;500;600&family=Libre+Baskerville:wght@400;700&display=swap → 200 (?ms, -743B)
[2026-08-24T12:08:31.641Z] GET https://fonts.gstatic.com/s/ibmplexmono/v20/-F63fjptAgt5VM-kVkqdyU8n1i8q131nj-o.woff2 → 200 (?ms, -814B)
[2026-08-24T12:08:31.641Z] GET https://fonts.gstatic.com/s/ibmplexsans/v23/zYXzKVElMYYaJe8bpLHnCwDKr932-G7dytD-Dmu1syxeKYbSB4Zh.woff2 → 200 (3ms, -815B)
[2026-08-24T12:08:31.644Z] GET https://fonts.gstatic.com/s/librebaskerville/v24/kmKnZrc3Hgbbcjq75U4uslyuy4kn0qNZaxMaC82U.woff2 → 200 (1ms, -815B)
[2026-08-24T12:08:31.654Z] GET https://southeastaksupply.com/new_logo_kurt.jpg → 304 (93ms, 19B)
[2026-08-24T12:08:32.199Z] GET https://southeastaksupply.com/about → 307 (98ms, ?B)
[2026-08-24T12:08:32.297Z] GET https://southeastaksupply.com/login?redirect=%2Fabout → 200 (107ms, ?B)
[2026-08-24T12:08:32.421Z] GET https://southeastaksupply.com/_next/static/chunks/05367awialsbn.css → 200 (?ms, -441B)
[2026-08-24T12:08:32.422Z] GET https://southeastaksupply.com/_next/static/chunks/1gdoryk6w2r8v.js → 200 (1ms, -455B)
[2026-08-24T12:08:32.424Z] GET https://southeastaksupply.com/_next/static/chunks/27jktro2p5rq9.js → 200 (?ms, -455B)
[2026-08-24T12:08:32.424Z] GET https://southeastaksupply.com/_next/static/chunks/0wgbl93fstlu9.js → 200 (?ms, -456B)
[2026-08-24T12:08:32.427Z] GET https://southeastaksupply.com/_next/static/chunks/2t2clertbxtfc.js → 200 (?ms, -456B)
[2026-08-24T12:08:32.427Z] GET https://southeastaksupply.com/_next/static/chunks/turbopack-2vj4-1z_ftx_p.js → 200 (?ms, -455B)
[2026-08-24T12:08:32.430Z] GET https://southeastaksupply.com/_next/static/chunks/05-c3ty_6dwfk.js → 200 (1ms, -454B)
[2026-08-24T12:08:32.431Z] GET https://southeastaksupply.com/_next/static/chunks/14mrh2-p_w84d.js → 200 (?ms, -455B)
[2026-08-24T12:08:32.434Z] GET https://southeastaksupply.com/_next/static/chunks/3i_xkm9s1hitb.js → 200 (?ms, ?B)
[2026-08-24T12:08:32.434Z] GET https://fonts.googleapis.com/css2?family=IBM+Plex+Mono:wght@400;600&family=IBM+Plex+Sans:wght@300;400;500;600&family=Libre+Baskerville:wght@400;700&display=swap → 200 (?ms, ?B)
[2026-08-24T12:08:32.442Z] GET https://fonts.gstatic.com/s/ibmplexmono/v20/-F63fjptAgt5VM-kVkqdyU8n1i8q131nj-o.woff2 → 200 (?ms, ?B)
[2026-08-24T12:08:32.443Z] GET https://fonts.gstatic.com/s/ibmplexsans/v23/zYXzKVElMYYaJe8bpLHnCwDKr932-G7dytD-Dmu1syxeKYbSB4Zh.woff2 → 200 (1ms, ?B)
[2026-08-24T12:08:32.444Z] GET https://fonts.gstatic.com/s/librebaskerville/v24/kmKnZrc3Hgbbcjq75U4uslyuy4kn0qNZaxMaC82U.woff2 → 200 (?ms, ?B)
[2026-08-24T12:08:32.483Z] GET https://southeastaksupply.com/new_logo_kurt.jpg → 304 (84ms, 19B)
[2026-08-24T12:08:33.011Z] GET https://southeastaksupply.com/contact → 307 (96ms, ?B)
[2026-08-24T12:08:33.108Z] GET https://southeastaksupply.com/login?redirect=%2Fcontact → 200 (90ms, 23B)
[2026-08-24T12:08:33.228Z] GET https://southeastaksupply.com/_next/static/chunks/05367awialsbn.css → 200 (?ms, -441B)
[2026-08-24T12:08:33.229Z] GET https://southeastaksupply.com/_next/static/chunks/1gdoryk6w2r8v.js → 200 (?ms, -455B)
[2026-08-24T12:08:33.230Z] GET https://southeastaksupply.com/_next/static/chunks/27jktro2p5rq9.js → 200 (?ms, -455B)
[2026-08-24T12:08:33.230Z] GET https://southeastaksupply.com/_next/static/chunks/0wgbl93fstlu9.js → 200 (?ms, -456B)
[2026-08-24T12:08:33.232Z] GET https://southeastaksupply.com/_next/static/chunks/2t2clertbxtfc.js → 200 (?ms, -456B)
[2026-08-24T12:08:33.233Z] GET https://southeastaksupply.com/_next/static/chunks/turbopack-2vj4-1z_ftx_p.js → 200 (?ms, -455B)
[2026-08-24T12:08:33.235Z] GET https://southeastaksupply.com/_next/static/chunks/05-c3ty_6dwfk.js → 200 (?ms, -454B)
[2026-08-24T12:08:33.235Z] GET https://southeastaksupply.com/_next/static/chunks/14mrh2-p_w84d.js → 200 (?ms, -455B)
[2026-08-24T12:08:33.242Z] GET https://southeastaksupply.com/_next/static/chunks/3i_xkm9s1hitb.js → 200 (?ms, -454B)
[2026-08-24T12:08:33.242Z] GET https://fonts.googleapis.com/css2?family=IBM+Plex+Mono:wght@400;600&family=IBM+Plex+Sans:wght@300;400;500;600&family=Libre+Baskerville:wght@400;700&display=swap → 200 (?ms, -743B)
[2026-08-24T12:08:33.245Z] GET https://fonts.gstatic.com/s/ibmplexmono/v20/-F63fjptAgt5VM-kVkqdyU8n1i8q131nj-o.woff2 → 200 (?ms, -814B)
[2026-08-24T12:08:33.245Z] GET https://fonts.gstatic.com/s/ibmplexsans/v23/zYXzKVElMYYaJe8bpLHnCwDKr932-G7dytD-Dmu1syxeKYbSB4Zh.woff2 → 200 (?ms, -815B)
[2026-08-24T12:08:33.245Z] GET https://fonts.gstatic.com/s/librebaskerville/v24/kmKnZrc3Hgbbcjq75U4uslyuy4kn0qNZaxMaC82U.woff2 → 200 (?ms, -815B)
[2026-08-24T12:08:33.261Z] GET https://southeastaksupply.com/new_logo_kurt.jpg → 304 (105ms, 19B)
[2026-08-24T12:08:33.698Z] GET https://southeastaksupply.com/cart → 307 (101ms, ?B)
[2026-08-24T12:08:33.799Z] GET https://southeastaksupply.com/login?redirect=%2Fcart → 200 (100ms, 23B)
[2026-08-24T12:08:33.920Z] GET https://southeastaksupply.com/_next/static/chunks/05367awialsbn.css → 200 (5ms, -441B)
[2026-08-24T12:08:33.926Z] GET https://southeastaksupply.com/_next/static/chunks/1gdoryk6w2r8v.js → 200 (?ms, -455B)
[2026-08-24T12:08:33.928Z] GET https://southeastaksupply.com/_next/static/chunks/27jktro2p5rq9.js → 200 (3ms, -455B)
[2026-08-24T12:08:33.931Z] GET https://southeastaksupply.com/_next/static/chunks/0wgbl93fstlu9.js → 200 (?ms, -456B)
[2026-08-24T12:08:33.931Z] GET https://southeastaksupply.com/_next/static/chunks/2t2clertbxtfc.js → 200 (2ms, -456B)
[2026-08-24T12:08:33.934Z] GET https://southeastaksupply.com/_next/static/chunks/turbopack-2vj4-1z_ftx_p.js → 200 (?ms, -455B)
[2026-08-24T12:08:33.934Z] GET https://southeastaksupply.com/_next/static/chunks/05-c3ty_6dwfk.js → 200 (3ms, -454B)
[2026-08-24T12:08:33.938Z] GET https://southeastaksupply.com/_next/static/chunks/14mrh2-p_w84d.js → 200 (?ms, -455B)
[2026-08-24T12:08:33.940Z] GET https://southeastaksupply.com/_next/static/chunks/3i_xkm9s1hitb.js → 200 (6ms, -454B)
[2026-08-24T12:08:33.946Z] GET https://fonts.googleapis.com/css2?family=IBM+Plex+Mono:wght@400;600&family=IBM+Plex+Sans:wght@300;400;500;600&family=Libre+Baskerville:wght@400;700&display=swap → 200 (?ms, -743B)
[2026-08-24T12:08:33.950Z] GET https://fonts.gstatic.com/s/ibmplexmono/v20/-F63fjptAgt5VM-kVkqdyU8n1i8q131nj-o.woff2 → 200 (1ms, -814B)
[2026-08-24T12:08:33.951Z] GET https://fonts.gstatic.com/s/ibmplexsans/v23/zYXzKVElMYYaJe8bpLHnCwDKr932-G7dytD-Dmu1syxeKYbSB4Zh.woff2 → 200 (?ms, -815B)
[2026-08-24T12:08:33.953Z] GET https://fonts.gstatic.com/s/librebaskerville/v24/kmKnZrc3Hgbbcjq75U4uslyuy4kn0qNZaxMaC82U.woff2 → 200 (1ms, -815B)
[2026-08-24T12:08:33.998Z] GET https://southeastaksupply.com/new_logo_kurt.jpg → 304 (73ms, 42B)
[2026-08-24T12:08:34.407Z] GET https://southeastaksupply.com/materials → pending (?ms, ?B)
[2026-08-24T12:08:34.503Z] GET https://southeastaksupply.com/login?redirect=%2Fmaterials → 200 (96ms, 23B)
[2026-08-24T12:08:34.618Z] GET https://southeastaksupply.com/_next/static/chunks/05367awialsbn.css → 200 (?ms, -441B)
[2026-08-24T12:08:34.618Z] GET https://southeastaksupply.com/_next/static/chunks/1gdoryk6w2r8v.js → 200 (?ms, -455B)
[2026-08-24T12:08:34.625Z] GET https://southeastaksupply.com/_next/static/chunks/27jktro2p5rq9.js → 200 (?ms, -455B)
[2026-08-24T12:08:34.625Z] GET https://southeastaksupply.com/_next/static/chunks/0wgbl93fstlu9.js → 200 (?ms, -456B)
[2026-08-24T12:08:34.627Z] GET https://southeastaksupply.com/_next/static/chunks/2t2clertbxtfc.js → 200 (?ms, -456B)
[2026-08-24T12:08:34.627Z] GET https://southeastaksupply.com/_next/static/chunks/turbopack-2vj4-1z_ftx_p.js → 200 (?ms, -455B)
[2026-08-24T12:08:34.631Z] GET https://southeastaksupply.com/_next/static/chunks/05-c3ty_6dwfk.js → 200 (?ms, -454B)
[2026-08-24T12:08:34.631Z] GET https://southeastaksupply.com/_next/static/chunks/14mrh2-p_w84d.js → 200 (?ms, -455B)
[2026-08-24T12:08:34.634Z] GET https://southeastaksupply.com/_next/static/chunks/3i_xkm9s1hitb.js → 200 (?ms, -454B)
[2026-08-24T12:08:34.634Z] GET https://fonts.googleapis.com/css2?family=IBM+Plex+Mono:wght@400;600&family=IBM+Plex+Sans:wght@300;400;500;600&family=Libre+Baskerville:wght@400;700&display=swap → 200 (1ms, -743B)
[2026-08-24T12:08:34.643Z] GET https://fonts.gstatic.com/s/ibmplexmono/v20/-F63fjptAgt5VM-kVkqdyU8n1i8q131nj-o.woff2 → 200 (?ms, -814B)
[2026-08-24T12:08:34.643Z] GET https://fonts.gstatic.com/s/ibmplexsans/v23/zYXzKVElMYYaJe8bpLHnCwDKr932-G7dytD-Dmu1syxeKYbSB4Zh.woff2 → 200 (4ms, -815B)
[2026-08-24T12:08:34.647Z] GET https://fonts.gstatic.com/s/librebaskerville/v24/kmKnZrc3Hgbbcjq75U4uslyuy4kn0qNZaxMaC82U.woff2 → 200 (1ms, -815B)
[2026-08-24T12:08:34.675Z] GET https://southeastaksupply.com/new_logo_kurt.jpg → 304 (109ms, 19B)
[2026-08-24T12:08:35.193Z] GET https://southeastaksupply.com/checkout → 307 (103ms, ?B)
[2026-08-24T12:08:35.297Z] GET https://southeastaksupply.com/login?redirect=%2Fcheckout → 200 (114ms, ?B)
[2026-08-24T12:08:35.429Z] GET https://southeastaksupply.com/_next/static/chunks/05367awialsbn.css → 200 (1ms, -441B)
[2026-08-24T12:08:35.430Z] GET https://southeastaksupply.com/_next/static/chunks/1gdoryk6w2r8v.js → 200 (3ms, -455B)
[2026-08-24T12:08:35.433Z] GET https://southeastaksupply.com/_next/static/chunks/27jktro2p5rq9.js → 200 (?ms, -455B)
[2026-08-24T12:08:35.433Z] GET https://southeastaksupply.com/_next/static/chunks/0wgbl93fstlu9.js → 200 (1ms, -456B)
[2026-08-24T12:08:35.435Z] GET https://southeastaksupply.com/_next/static/chunks/2t2clertbxtfc.js → 200 (?ms, -456B)
[2026-08-24T12:08:35.435Z] GET https://southeastaksupply.com/_next/static/chunks/turbopack-2vj4-1z_ftx_p.js → 200 (1ms, -455B)
[2026-08-24T12:08:35.441Z] GET https://southeastaksupply.com/_next/static/chunks/05-c3ty_6dwfk.js → 200 (?ms, -454B)
[2026-08-24T12:08:35.441Z] GET https://southeastaksupply.com/_next/static/chunks/14mrh2-p_w84d.js → 200 (2ms, -455B)
[2026-08-24T12:08:35.443Z] GET https://southeastaksupply.com/_next/static/chunks/3i_xkm9s1hitb.js → 200 (?ms, -454B)
[2026-08-24T12:08:35.444Z] GET https://fonts.googleapis.com/css2?family=IBM+Plex+Mono:wght@400;600&family=IBM+Plex+Sans:wght@300;400;500;600&family=Libre+Baskerville:wght@400;700&display=swap → 200 (4ms, ?B)
[2026-08-24T12:08:35.450Z] GET https://fonts.gstatic.com/s/ibmplexmono/v20/-F63fjptAgt5VM-kVkqdyU8n1i8q131nj-o.woff2 → 200 (?ms, ?B)
[2026-08-24T12:08:35.451Z] GET https://fonts.gstatic.com/s/ibmplexsans/v23/zYXzKVElMYYaJe8bpLHnCwDKr932-G7dytD-Dmu1syxeKYbSB4Zh.woff2 → 200 (?ms, ?B)
[2026-08-24T12:08:35.451Z] GET https://fonts.gstatic.com/s/librebaskerville/v24/kmKnZrc3Hgbbcjq75U4uslyuy4kn0qNZaxMaC82U.woff2 → 200 (?ms, ?B)
[2026-08-24T12:08:35.490Z] GET https://southeastaksupply.com/new_logo_kurt.jpg → 304 (109ms, 19B)
[2026-08-24T12:08:35.886Z] GET https://southeastaksupply.com/login → 200 (98ms, 23B)
[2026-08-24T12:08:36.003Z] GET https://southeastaksupply.com/_next/static/chunks/05367awialsbn.css → 200 (7ms, -441B)
[2026-08-24T12:08:36.014Z] GET https://southeastaksupply.com/_next/static/chunks/1gdoryk6w2r8v.js → 200 (2ms, -455B)
[2026-08-24T12:08:36.016Z] GET https://southeastaksupply.com/_next/static/chunks/27jktro2p5rq9.js → 200 (7ms, -455B)
[2026-08-24T12:08:36.023Z] GET https://southeastaksupply.com/_next/static/chunks/0wgbl93fstlu9.js → 200 (?ms, -456B)
[2026-08-24T12:08:36.024Z] GET https://southeastaksupply.com/_next/static/chunks/2t2clertbxtfc.js → 200 (1ms, -456B)
[2026-08-24T12:08:36.025Z] GET https://southeastaksupply.com/_next/static/chunks/turbopack-2vj4-1z_ftx_p.js → 200 (?ms, -455B)
[2026-08-24T12:08:36.026Z] GET https://southeastaksupply.com/_next/static/chunks/05-c3ty_6dwfk.js → 200 (1ms, -454B)
[2026-08-24T12:08:36.027Z] GET https://southeastaksupply.com/_next/static/chunks/14mrh2-p_w84d.js → 200 (?ms, -455B)
[2026-08-24T12:08:36.030Z] GET https://southeastaksupply.com/_next/static/chunks/3i_xkm9s1hitb.js → 200 (12ms, -454B)
[2026-08-24T12:08:36.042Z] GET https://fonts.googleapis.com/css2?family=IBM+Plex+Mono:wght@400;600&family=IBM+Plex+Sans:wght@300;400;500;600&family=Libre+Baskerville:wght@400;700&display=swap → 200 (1ms, -743B)
[2026-08-24T12:08:36.050Z] GET https://fonts.gstatic.com/s/ibmplexmono/v20/-F63fjptAgt5VM-kVkqdyU8n1i8q131nj-o.woff2 → 200 (?ms, -814B)
[2026-08-24T12:08:36.050Z] GET https://fonts.gstatic.com/s/ibmplexsans/v23/zYXzKVElMYYaJe8bpLHnCwDKr932-G7dytD-Dmu1syxeKYbSB4Zh.woff2 → 200 (?ms, -815B)
[2026-08-24T12:08:36.052Z] GET https://fonts.gstatic.com/s/librebaskerville/v24/kmKnZrc3Hgbbcjq75U4uslyuy4kn0qNZaxMaC82U.woff2 → 200 (?ms, -815B)
[2026-08-24T12:08:36.074Z] GET https://southeastaksupply.com/new_logo_kurt.jpg → 304 (88ms, 69B)
[2026-08-24T12:08:46.480Z] GET https://southeastaksupply.com/ → 200 (148ms, 190B)
[2026-08-24T12:08:46.663Z] GET https://southeastaksupply.com/new_logo_kurt.jpg → 200 (87ms, 24B)
[2026-08-24T12:08:46.663Z] GET https://southeastaksupply.com/_next/static/chunks/05367awialsbn.css → 200 (?ms, -441B)
[2026-08-24T12:08:46.663Z] GET https://southeastaksupply.com/_next/static/chunks/1gdoryk6w2r8v.js → 200 (?ms, -455B)
[2026-08-24T12:08:46.667Z] GET https://southeastaksupply.com/_next/static/chunks/27jktro2p5rq9.js → 200 (?ms, -455B)
[2026-08-24T12:08:46.667Z] GET https://southeastaksupply.com/_next/static/chunks/0wgbl93fstlu9.js → 200 (?ms, -456B)
[2026-08-24T12:08:46.679Z] GET https://southeastaksupply.com/_next/static/chunks/2t2clertbxtfc.js → 200 (?ms, -456B)
[2026-08-24T12:08:46.679Z] GET https://southeastaksupply.com/_next/static/chunks/turbopack-2vj4-1z_ftx_p.js → 200 (?ms, -455B)
[2026-08-24T12:08:46.682Z] GET https://southeastaksupply.com/_next/static/chunks/05-c3ty_6dwfk.js → 200 (?ms, -454B)
[2026-08-24T12:08:46.682Z] GET https://southeastaksupply.com/_next/static/chunks/14mrh2-p_w84d.js → 200 (?ms, -455B)
[2026-08-24T12:08:46.693Z] GET https://southeastaksupply.com/_next/static/chunks/2kjw82y4wz21v.js → 200 (?ms, -455B)
[2026-08-24T12:08:46.693Z] GET https://fonts.googleapis.com/css2?family=IBM+Plex+Mono:wght@400;600&family=IBM+Plex+Sans:wght@300;400;500;600&family=Libre+Baskerville:wght@400;700&display=swap → 200 (?ms, -743B)
[2026-08-24T12:08:46.702Z] GET https://fonts.gstatic.com/s/ibmplexmono/v20/-F63fjptAgt5VM-kVkqdyU8n1i8q131nj-o.woff2 → 200 (5ms, -814B)
[2026-08-24T12:08:46.708Z] GET https://fonts.gstatic.com/s/ibmplexsans/v23/zYXzKVElMYYaJe8bpLHnCwDKr932-G7dytD-Dmu1syxeKYbSB4Zh.woff2 → 200 (?ms, -815B)
[2026-08-24T12:08:46.709Z] GET https://fonts.gstatic.com/s/librebaskerville/v24/kmKnZrc3Hgbbcjq75U4uslyuy4kn0qNZaxMaC82U.woff2 → 200 (?ms, -815B)
[2026-08-24T12:08:47.667Z] GET https://southeastaksupply.com/products → 307 (115ms, ?B)
[2026-08-24T12:08:47.783Z] GET https://southeastaksupply.com/login?redirect=%2Fproducts → 200 (100ms, 23B)
[2026-08-24T12:08:47.914Z] GET https://southeastaksupply.com/_next/static/chunks/05367awialsbn.css → 200 (?ms, -441B)
[2026-08-24T12:08:47.917Z] GET https://southeastaksupply.com/_next/static/chunks/1gdoryk6w2r8v.js → 200 (?ms, -455B)
[2026-08-24T12:08:47.919Z] GET https://southeastaksupply.com/_next/static/chunks/27jktro2p5rq9.js → 200 (?ms, -455B)
[2026-08-24T12:08:47.919Z] GET https://southeastaksupply.com/_next/static/chunks/0wgbl93fstlu9.js → 200 (?ms, -456B)
[2026-08-24T12:08:47.927Z] GET https://southeastaksupply.com/_next/static/chunks/2t2clertbxtfc.js → 200 (?ms, -456B)
[2026-08-24T12:08:47.927Z] GET https://southeastaksupply.com/_next/static/chunks/turbopack-2vj4-1z_ftx_p.js → 200 (?ms, -455B)
[2026-08-24T12:08:47.932Z] GET https://southeastaksupply.com/_next/static/chunks/05-c3ty_6dwfk.js → 200 (?ms, -454B)
[2026-08-24T12:08:47.932Z] GET https://southeastaksupply.com/_next/static/chunks/14mrh2-p_w84d.js → 200 (?ms, -455B)
[2026-08-24T12:08:47.934Z] GET https://southeastaksupply.com/_next/static/chunks/3i_xkm9s1hitb.js → 200 (?ms, -454B)
[2026-08-24T12:08:47.935Z] GET https://fonts.googleapis.com/css2?family=IBM+Plex+Mono:wght@400;600&family=IBM+Plex+Sans:wght@300;400;500;600&family=Libre+Baskerville:wght@400;700&display=swap → 200 (?ms, -743B)
[2026-08-24T12:08:47.944Z] GET https://fonts.gstatic.com/s/ibmplexmono/v20/-F63fjptAgt5VM-kVkqdyU8n1i8q131nj-o.woff2 → 200 (?ms, -814B)
[2026-08-24T12:08:47.945Z] GET https://fonts.gstatic.com/s/ibmplexsans/v23/zYXzKVElMYYaJe8bpLHnCwDKr932-G7dytD-Dmu1syxeKYbSB4Zh.woff2 → 200 (3ms, -815B)
[2026-08-24T12:08:47.948Z] GET https://fonts.gstatic.com/s/librebaskerville/v24/kmKnZrc3Hgbbcjq75U4uslyuy4kn0qNZaxMaC82U.woff2 → 200 (?ms, -815B)
[2026-08-24T12:08:48.010Z] GET https://southeastaksupply.com/new_logo_kurt.jpg → 304 (82ms, 42B)
[2026-08-24T12:08:49.019Z] GET https://southeastaksupply.com/categories → 307 (125ms, ?B)
[2026-08-24T12:08:49.144Z] GET https://southeastaksupply.com/login?redirect=%2Fcategories → 200 (103ms, 23B)
[2026-08-24T12:08:49.278Z] GET https://southeastaksupply.com/_next/static/chunks/05367awialsbn.css → 200 (?ms, -441B)
[2026-08-24T12:08:49.283Z] GET https://southeastaksupply.com/_next/static/chunks/1gdoryk6w2r8v.js → 200 (?ms, -455B)
[2026-08-24T12:08:49.290Z] GET https://southeastaksupply.com/_next/static/chunks/27jktro2p5rq9.js → 200 (?ms, -455B)
[2026-08-24T12:08:49.291Z] GET https://southeastaksupply.com/_next/static/chunks/0wgbl93fstlu9.js → 200 (?ms, -456B)
[2026-08-24T12:08:49.292Z] GET https://southeastaksupply.com/_next/static/chunks/2t2clertbxtfc.js → 200 (?ms, -456B)
[2026-08-24T12:08:49.292Z] GET https://southeastaksupply.com/_next/static/chunks/turbopack-2vj4-1z_ftx_p.js → 200 (1ms, -455B)
[2026-08-24T12:08:49.295Z] GET https://southeastaksupply.com/_next/static/chunks/05-c3ty_6dwfk.js → 200 (?ms, -454B)
[2026-08-24T12:08:49.295Z] GET https://southeastaksupply.com/_next/static/chunks/14mrh2-p_w84d.js → 200 (1ms, -455B)
[2026-08-24T12:08:49.323Z] GET https://southeastaksupply.com/_next/static/chunks/3i_xkm9s1hitb.js → 200 (1ms, -454B)
[2026-08-24T12:08:49.324Z] GET https://fonts.googleapis.com/css2?family=IBM+Plex+Mono:wght@400;600&family=IBM+Plex+Sans:wght@300;400;500;600&family=Libre+Baskerville:wght@400;700&display=swap → 200 (?ms, -743B)
[2026-08-24T12:08:49.327Z] GET https://fonts.gstatic.com/s/ibmplexmono/v20/-F63fjptAgt5VM-kVkqdyU8n1i8q131nj-o.woff2 → 200 (1ms, -814B)
[2026-08-24T12:08:49.328Z] GET https://fonts.gstatic.com/s/ibmplexsans/v23/zYXzKVElMYYaJe8bpLHnCwDKr932-G7dytD-Dmu1syxeKYbSB4Zh.woff2 → 200 (?ms, -815B)
[2026-08-24T12:08:49.329Z] GET https://fonts.gstatic.com/s/librebaskerville/v24/kmKnZrc3Hgbbcjq75U4uslyuy4kn0qNZaxMaC82U.woff2 → 200 (?ms, -815B)
[2026-08-24T12:08:49.410Z] GET https://southeastaksupply.com/new_logo_kurt.jpg → pending (?ms, ?B)
[2026-08-24T12:08:50.152Z] GET https://southeastaksupply.com/about → 307 (108ms, ?B)
[2026-08-24T12:08:50.262Z] GET https://southeastaksupply.com/login?redirect=%2Fabout → 200 (90ms, 23B)
[2026-08-24T12:08:50.409Z] GET https://southeastaksupply.com/_next/static/chunks/05367awialsbn.css → 200 (?ms, -441B)
[2026-08-24T12:08:50.417Z] GET https://southeastaksupply.com/_next/static/chunks/1gdoryk6w2r8v.js → 200 (?ms, -455B)
[2026-08-24T12:08:50.419Z] GET https://southeastaksupply.com/_next/static/chunks/27jktro2p5rq9.js → 200 (?ms, -455B)
[2026-08-24T12:08:50.423Z] GET https://southeastaksupply.com/_next/static/chunks/0wgbl93fstlu9.js → 200 (?ms, -456B)
[2026-08-24T12:08:50.429Z] GET https://southeastaksupply.com/_next/static/chunks/2t2clertbxtfc.js → 200 (?ms, -456B)
[2026-08-24T12:08:50.429Z] GET https://southeastaksupply.com/_next/static/chunks/turbopack-2vj4-1z_ftx_p.js → 200 (?ms, -455B)
[2026-08-24T12:08:50.430Z] GET https://southeastaksupply.com/_next/static/chunks/05-c3ty_6dwfk.js → 200 (?ms, -454B)
[2026-08-24T12:08:50.430Z] GET https://southeastaksupply.com/_next/static/chunks/14mrh2-p_w84d.js → 200 (?ms, -455B)
[2026-08-24T12:08:50.434Z] GET https://southeastaksupply.com/_next/static/chunks/3i_xkm9s1hitb.js → 200 (?ms, -454B)
[2026-08-24T12:08:50.434Z] GET https://fonts.googleapis.com/css2?family=IBM+Plex+Mono:wght@400;600&family=IBM+Plex+Sans:wght@300;400;500;600&family=Libre+Baskerville:wght@400;700&display=swap → 200 (?ms, -743B)
[2026-08-24T12:08:50.442Z] GET https://fonts.gstatic.com/s/ibmplexmono/v20/-F63fjptAgt5VM-kVkqdyU8n1i8q131nj-o.woff2 → 200 (?ms, -814B)
[2026-08-24T12:08:50.442Z] GET https://fonts.gstatic.com/s/ibmplexsans/v23/zYXzKVElMYYaJe8bpLHnCwDKr932-G7dytD-Dmu1syxeKYbSB4Zh.woff2 → 200 (1ms, -815B)
[2026-08-24T12:08:50.443Z] GET https://fonts.gstatic.com/s/librebaskerville/v24/kmKnZrc3Hgbbcjq75U4uslyuy4kn0qNZaxMaC82U.woff2 → 200 (?ms, -815B)
[2026-08-24T12:08:50.477Z] GET https://southeastaksupply.com/new_logo_kurt.jpg → pending (?ms, ?B)
[2026-08-24T12:08:51.346Z] GET https://southeastaksupply.com/contact → 307 (103ms, ?B)
[2026-08-24T12:08:51.450Z] GET https://southeastaksupply.com/login?redirect=%2Fcontact → pending (?ms, ?B)
[2026-08-24T12:08:51.597Z] GET https://southeastaksupply.com/_next/static/chunks/05367awialsbn.css → 200 (?ms, -441B)
[2026-08-24T12:08:51.599Z] GET https://southeastaksupply.com/_next/static/chunks/1gdoryk6w2r8v.js → 200 (?ms, -455B)
[2026-08-24T12:08:51.601Z] GET https://southeastaksupply.com/_next/static/chunks/27jktro2p5rq9.js → 200 (?ms, -455B)
[2026-08-24T12:08:51.607Z] GET https://southeastaksupply.com/_next/static/chunks/0wgbl93fstlu9.js → 200 (?ms, -456B)
[2026-08-24T12:08:51.608Z] GET https://southeastaksupply.com/_next/static/chunks/2t2clertbxtfc.js → 200 (?ms, -456B)
[2026-08-24T12:08:51.612Z] GET https://southeastaksupply.com/_next/static/chunks/turbopack-2vj4-1z_ftx_p.js → 200 (?ms, -455B)
[2026-08-24T12:08:51.614Z] GET https://southeastaksupply.com/_next/static/chunks/05-c3ty_6dwfk.js → 200 (?ms, -454B)
[2026-08-24T12:08:51.614Z] GET https://southeastaksupply.com/_next/static/chunks/14mrh2-p_w84d.js → 200 (?ms, -455B)
[2026-08-24T12:08:51.619Z] GET https://southeastaksupply.com/_next/static/chunks/3i_xkm9s1hitb.js → 200 (?ms, -454B)
[2026-08-24T12:08:51.620Z] GET https://fonts.googleapis.com/css2?family=IBM+Plex+Mono:wght@400;600&family=IBM+Plex+Sans:wght@300;400;500;600&family=Libre+Baskerville:wght@400;700&display=swap → 200 (?ms, -743B)
[2026-08-24T12:08:51.628Z] GET https://fonts.gstatic.com/s/ibmplexmono/v20/-F63fjptAgt5VM-kVkqdyU8n1i8q131nj-o.woff2 → 200 (?ms, -814B)
[2026-08-24T12:08:51.628Z] GET https://fonts.gstatic.com/s/ibmplexsans/v23/zYXzKVElMYYaJe8bpLHnCwDKr932-G7dytD-Dmu1syxeKYbSB4Zh.woff2 → 200 (1ms, -815B)
[2026-08-24T12:08:51.629Z] GET https://fonts.gstatic.com/s/librebaskerville/v24/kmKnZrc3Hgbbcjq75U4uslyuy4kn0qNZaxMaC82U.woff2 → 200 (1ms, -815B)
[2026-08-24T12:08:51.657Z] GET https://southeastaksupply.com/new_logo_kurt.jpg → 304 (79ms, 33B)
[2026-08-24T12:08:52.247Z] GET https://southeastaksupply.com/cart → 307 (90ms, ?B)
[2026-08-24T12:08:52.338Z] GET https://southeastaksupply.com/login?redirect=%2Fcart → 200 (103ms, 23B)
[2026-08-24T12:08:52.462Z] GET https://southeastaksupply.com/_next/static/chunks/05367awialsbn.css → 200 (?ms, -441B)
[2026-08-24T12:08:52.463Z] GET https://southeastaksupply.com/_next/static/chunks/1gdoryk6w2r8v.js → 200 (?ms, -455B)
[2026-08-24T12:08:52.467Z] GET https://southeastaksupply.com/_next/static/chunks/27jktro2p5rq9.js → 200 (?ms, -455B)
[2026-08-24T12:08:52.467Z] GET https://southeastaksupply.com/_next/static/chunks/0wgbl93fstlu9.js → 200 (?ms, -456B)
[2026-08-24T12:08:52.471Z] GET https://southeastaksupply.com/_next/static/chunks/2t2clertbxtfc.js → 200 (?ms, -456B)
[2026-08-24T12:08:52.471Z] GET https://southeastaksupply.com/_next/static/chunks/turbopack-2vj4-1z_ftx_p.js → 200 (?ms, -455B)
[2026-08-24T12:08:52.473Z] GET https://southeastaksupply.com/_next/static/chunks/05-c3ty_6dwfk.js → 200 (?ms, -454B)
[2026-08-24T12:08:52.473Z] GET https://southeastaksupply.com/_next/static/chunks/14mrh2-p_w84d.js → 200 (?ms, -455B)
[2026-08-24T12:08:52.474Z] GET https://southeastaksupply.com/_next/static/chunks/3i_xkm9s1hitb.js → 200 (1ms, -454B)
[2026-08-24T12:08:52.475Z] GET https://fonts.googleapis.com/css2?family=IBM+Plex+Mono:wght@400;600&family=IBM+Plex+Sans:wght@300;400;500;600&family=Libre+Baskerville:wght@400;700&display=swap → 200 (?ms, -743B)
[2026-08-24T12:08:52.481Z] GET https://fonts.gstatic.com/s/ibmplexmono/v20/-F63fjptAgt5VM-kVkqdyU8n1i8q131nj-o.woff2 → 200 (?ms, -814B)
[2026-08-24T12:08:52.481Z] GET https://fonts.gstatic.com/s/ibmplexsans/v23/zYXzKVElMYYaJe8bpLHnCwDKr932-G7dytD-Dmu1syxeKYbSB4Zh.woff2 → 200 (1ms, -815B)
[2026-08-24T12:08:52.483Z] GET https://fonts.gstatic.com/s/librebaskerville/v24/kmKnZrc3Hgbbcjq75U4uslyuy4kn0qNZaxMaC82U.woff2 → 200 (?ms, -815B)
[2026-08-24T12:08:52.502Z] GET https://southeastaksupply.com/new_logo_kurt.jpg → 304 (97ms, 59B)
[2026-08-24T12:08:53.032Z] GET https://southeastaksupply.com/materials → 307 (94ms, ?B)
[2026-08-24T12:08:53.128Z] GET https://southeastaksupply.com/login?redirect=%2Fmaterials → 200 (99ms, 23B)
[2026-08-24T12:08:53.268Z] GET https://southeastaksupply.com/_next/static/chunks/05367awialsbn.css → 200 (?ms, -441B)
[2026-08-24T12:08:53.270Z] GET https://southeastaksupply.com/_next/static/chunks/1gdoryk6w2r8v.js → 200 (?ms, -455B)
[2026-08-24T12:08:53.272Z] GET https://southeastaksupply.com/_next/static/chunks/27jktro2p5rq9.js → 200 (?ms, -455B)
[2026-08-24T12:08:53.273Z] GET https://southeastaksupply.com/_next/static/chunks/0wgbl93fstlu9.js → 200 (?ms, -456B)
[2026-08-24T12:08:53.292Z] GET https://southeastaksupply.com/_next/static/chunks/2t2clertbxtfc.js → 200 (?ms, -456B)
[2026-08-24T12:08:53.292Z] GET https://southeastaksupply.com/_next/static/chunks/turbopack-2vj4-1z_ftx_p.js → 200 (?ms, -455B)
[2026-08-24T12:08:53.300Z] GET https://southeastaksupply.com/_next/static/chunks/05-c3ty_6dwfk.js → 200 (?ms, -454B)
[2026-08-24T12:08:53.301Z] GET https://southeastaksupply.com/_next/static/chunks/14mrh2-p_w84d.js → 200 (?ms, -455B)
[2026-08-24T12:08:53.302Z] GET https://southeastaksupply.com/_next/static/chunks/3i_xkm9s1hitb.js → 200 (?ms, -454B)
[2026-08-24T12:08:53.302Z] GET https://fonts.googleapis.com/css2?family=IBM+Plex+Mono:wght@400;600&family=IBM+Plex+Sans:wght@300;400;500;600&family=Libre+Baskerville:wght@400;700&display=swap → 200 (?ms, -743B)
[2026-08-24T12:08:53.310Z] GET https://fonts.gstatic.com/s/ibmplexmono/v20/-F63fjptAgt5VM-kVkqdyU8n1i8q131nj-o.woff2 → 200 (?ms, -814B)
[2026-08-24T12:08:53.310Z] GET https://fonts.gstatic.com/s/ibmplexsans/v23/zYXzKVElMYYaJe8bpLHnCwDKr932-G7dytD-Dmu1syxeKYbSB4Zh.woff2 → 200 (1ms, -815B)
[2026-08-24T12:08:53.313Z] GET https://fonts.gstatic.com/s/librebaskerville/v24/kmKnZrc3Hgbbcjq75U4uslyuy4kn0qNZaxMaC82U.woff2 → 200 (?ms, -815B)
[2026-08-24T12:08:53.315Z] GET https://southeastaksupply.com/new_logo_kurt.jpg → 304 (95ms, 19B)
[2026-08-24T12:08:53.943Z] GET https://southeastaksupply.com/checkout → 307 (102ms, ?B)
[2026-08-24T12:08:54.046Z] GET https://southeastaksupply.com/login?redirect=%2Fcheckout → 200 (103ms, 23B)
[2026-08-24T12:08:54.175Z] GET https://southeastaksupply.com/_next/static/chunks/05367awialsbn.css → 200 (?ms, -441B)
[2026-08-24T12:08:54.176Z] GET https://southeastaksupply.com/_next/static/chunks/1gdoryk6w2r8v.js → 200 (?ms, -455B)
[2026-08-24T12:08:54.177Z] GET https://southeastaksupply.com/_next/static/chunks/27jktro2p5rq9.js → 200 (?ms, -455B)
[2026-08-24T12:08:54.178Z] GET https://southeastaksupply.com/_next/static/chunks/0wgbl93fstlu9.js → 200 (1ms, -456B)
[2026-08-24T12:08:54.180Z] GET https://southeastaksupply.com/_next/static/chunks/2t2clertbxtfc.js → 200 (?ms, -456B)
[2026-08-24T12:08:54.181Z] GET https://southeastaksupply.com/_next/static/chunks/turbopack-2vj4-1z_ftx_p.js → 200 (?ms, -455B)
[2026-08-24T12:08:54.182Z] GET https://southeastaksupply.com/_next/static/chunks/05-c3ty_6dwfk.js → 200 (?ms, -454B)
[2026-08-24T12:08:54.183Z] GET https://southeastaksupply.com/_next/static/chunks/14mrh2-p_w84d.js → 200 (?ms, -455B)
[2026-08-24T12:08:54.184Z] GET https://southeastaksupply.com/_next/static/chunks/3i_xkm9s1hitb.js → 200 (?ms, -454B)
[2026-08-24T12:08:54.185Z] GET https://fonts.googleapis.com/css2?family=IBM+Plex+Mono:wght@400;600&family=IBM+Plex+Sans:wght@300;400;500;600&family=Libre+Baskerville:wght@400;700&display=swap → 200 (?ms, -743B)
[2026-08-24T12:08:54.196Z] GET https://fonts.gstatic.com/s/ibmplexmono/v20/-F63fjptAgt5VM-kVkqdyU8n1i8q131nj-o.woff2 → 200 (?ms, -814B)
[2026-08-24T12:08:54.197Z] GET https://fonts.gstatic.com/s/ibmplexsans/v23/zYXzKVElMYYaJe8bpLHnCwDKr932-G7dytD-Dmu1syxeKYbSB4Zh.woff2 → 200 (2ms, -815B)
[2026-08-24T12:08:54.199Z] GET https://fonts.gstatic.com/s/librebaskerville/v24/kmKnZrc3Hgbbcjq75U4uslyuy4kn0qNZaxMaC82U.woff2 → 200 (?ms, -815B)
[2026-08-24T12:08:54.234Z] GET https://southeastaksupply.com/new_logo_kurt.jpg → 304 (107ms, 19B)
[2026-08-24T12:08:54.949Z] GET https://southeastaksupply.com/login → 200 (100ms, 46B)
[2026-08-24T12:08:55.071Z] GET https://southeastaksupply.com/_next/static/chunks/05367awialsbn.css → 200 (1ms, -441B)
[2026-08-24T12:08:55.074Z] GET https://southeastaksupply.com/_next/static/chunks/1gdoryk6w2r8v.js → 200 (?ms, -455B)
[2026-08-24T12:08:55.075Z] GET https://southeastaksupply.com/_next/static/chunks/27jktro2p5rq9.js → 200 (?ms, -455B)
[2026-08-24T12:08:55.075Z] GET https://southeastaksupply.com/_next/static/chunks/0wgbl93fstlu9.js → 200 (?ms, -456B)
[2026-08-24T12:08:55.078Z] GET https://southeastaksupply.com/_next/static/chunks/2t2clertbxtfc.js → 200 (?ms, -456B)
[2026-08-24T12:08:55.078Z] GET https://southeastaksupply.com/_next/static/chunks/turbopack-2vj4-1z_ftx_p.js → 200 (?ms, -455B)
[2026-08-24T12:08:55.082Z] GET https://southeastaksupply.com/_next/static/chunks/05-c3ty_6dwfk.js → 200 (?ms, -454B)
[2026-08-24T12:08:55.082Z] GET https://southeastaksupply.com/_next/static/chunks/14mrh2-p_w84d.js → 200 (?ms, -455B)
[2026-08-24T12:08:55.087Z] GET https://southeastaksupply.com/_next/static/chunks/3i_xkm9s1hitb.js → 200 (?ms, -454B)
[2026-08-24T12:08:55.087Z] GET https://fonts.googleapis.com/css2?family=IBM+Plex+Mono:wght@400;600&family=IBM+Plex+Sans:wght@300;400;500;600&family=Libre+Baskerville:wght@400;700&display=swap → 200 (?ms, -743B)
[2026-08-24T12:08:55.092Z] GET https://fonts.gstatic.com/s/ibmplexmono/v20/-F63fjptAgt5VM-kVkqdyU8n1i8q131nj-o.woff2 → 200 (?ms, -814B)
[2026-08-24T12:08:55.092Z] GET https://fonts.gstatic.com/s/ibmplexsans/v23/zYXzKVElMYYaJe8bpLHnCwDKr932-G7dytD-Dmu1syxeKYbSB4Zh.woff2 → 200 (1ms, -815B)
[2026-08-24T12:08:55.093Z] GET https://fonts.gstatic.com/s/librebaskerville/v24/kmKnZrc3Hgbbcjq75U4uslyuy4kn0qNZaxMaC82U.woff2 → 200 (?ms, -815B)
[2026-08-24T12:08:55.112Z] GET https://southeastaksupply.com/new_logo_kurt.jpg → 304 (105ms, 19B)
[2026-08-24T12:08:56.399Z] GET https://southeastaksupply.com/api/health → 200 (102ms, ?B)
